[uavlens-company-website0ju8vnhpxo.codedesign.app/index.html]
[backblue.gif]
[fade.gif]
[index.html]
[use.fontawesome.com/releases/v5.15.4/css/all.css]
[uavlens-company-website0ju8vnhpxo.codedesign.app/_next/static/css/346b9fe967711a57.css]
[uavlens-company-website0ju8vnhpxo.codedesign.app/_next/static/chunks/polyfills-a40ef1678bae11e696dba45124eadd70.js]
[uavlens-company-website0ju8vnhpxo.codedesign.app/_next/static/chunks/webpack-2e52859dadb07ea3.js]
[uavlens-company-website0ju8vnhpxo.codedesign.app/_next/static/chunks/framework-092837ea0334d9b5.js]
[uavlens-company-website0ju8vnhpxo.codedesign.app/_next/static/chunks/main-3ff82a6967839010.js]
[uavlens-company-website0ju8vnhpxo.codedesign.app/_next/static/chunks/pages/_app-c637193fff8ef982.js]
[uavlens-company-website0ju8vnhpxo.codedesign.app/_next/static/chunks/pages/[[...slug]]-5fb8df814d4d84e1.js]
[uavlens-company-website0ju8vnhpxo.codedesign.app/_next/static/qIfS1wSRnwkzgJ2WzS_sU/_buildManifest.js]
[uavlens-company-website0ju8vnhpxo.codedesign.app/_next/static/qIfS1wSRnwkzgJ2WzS_sU/_ssgManifest.js]
[uavlens-company-website0ju8vnhpxo.codedesign.app/_next/static/qIfS1wSRnwkzgJ2WzS_sU/_middlewareManifest.js]
[res.cloudinary.com/storylens/image/upload/v1692255022/ftuyfhjhzhbavewlru6h.jpg]
[res.cloudinary.com/storylens/image/upload/v1692255022/dsh5kyzcsfcx9418e7ro.jpg]
[res.cloudinary.com/dbyioi2qq/q_auto/v1692256912/static/stable-diffusion-xl_clipdrop-background-removalpng_1692256910_52400.png]
[uavlens-company-website0ju8vnhpxo.codedesign.app/index.html]
[use.fontawesome.com/releases/v5.15.4/webfonts/fa-regular-400.svg]
[use.fontawesome.com/releases/v5.15.4/webfonts/fa-brands-400.svg]
[use.fontawesome.com/releases/v5.15.4/css/all.css]
[uavlens-company-website0ju8vnhpxo.codedesign.app/_next/static/css/346b9fe967711a57.css]
[res.cloudinary.com/dbyioi2qq/q_auto/v1686911779/static/excludeico-1svg_1686911777_73548.svg]
[res.cloudinary.com/dbyioi2qq/q_auto/v1686911780/static/excludeico-2svg_1686911777_19223.svg]
[res.cloudinary.com/dbyioi2qq/q_auto/v1686911780/static/excludeicosvg_1686911777_86557.svg]
[use.fontawesome.com/releases/v5.15.4/webfonts/fa-brands-400.svg]
[use.fontawesome.com/releases/v5.15.4/webfonts/fa-regular-400.svg]
[use.fontawesome.com/releases/v5.15.4/webfonts/fa-solid-900.svg]
[use.fontawesome.com/releases/v5.15.4/webfonts/fa-solid-900.svg]
